dmacman_IMPORTS_start
I_dmac_request
I_dmac_transfer
I_dmac_ch_set_dpcr
I_dmac_enable
//I_dmac_disable
dmacman_IMPORTS_end

intrman_IMPORTS_start
I_DisableIntr
I_EnableIntr
I_RegisterIntrHandler
I_CpuSuspendIntr
I_CpuResumeIntr
intrman_IMPORTS_end

loadcore_IMPORTS_start
I_RegisterLibraryEntries
I_GetLoadcoreInternalData
loadcore_IMPORTS_end

#ifndef BUILDING_XFROMMAN
#ifdef BUILDING_XMCMAN
#ifndef SIO2MAN_V2
xsio2man_IMPORTS_start
#else
rsio2man_IMPORTS_start
#endif
I_sio2_mc_transfer_init
I_sio2_transfer
I_sio2_transfer_reset
I_sio2_mtap_change_slot
#ifndef SIO2MAN_V2
xsio2man_IMPORTS_end
#else
rsio2man_IMPORTS_end
#endif
#else
sio2man_IMPORTS_start
I_sio2_mc_transfer_init
I_sio2_transfer
sio2man_IMPORTS_end
#endif
#endif

sysmem_IMPORTS_start
I_AllocSysMemory
I_FreeSysMemory
sysmem_IMPORTS_end

stdio_IMPORTS_start
I_printf
stdio_IMPORTS_end

sysclib_IMPORTS_start
I_memset
I_memcpy
I_strcmp
stdio_IMPORTS_end

thevent_IMPORTS_start
I_CreateEventFlag
I_DeleteEventFlag
//I_SetEventFlag
I_iSetEventFlag
I_ClearEventFlag
I_WaitEventFlag
thevent_IMPORTS_end

thsemap_IMPORTS_start
I_CreateSema
I_WaitSema
I_SignalSema
I_DeleteSema
thsemap_IMPORTS_end